MPLINK 4.35, Linker
Linker Map File - Created Sat Jan 22 16:28:02 2022

                                 Section Info
                  Section       Type    Address   Location Size(Bytes)
                ---------  ---------  ---------  ---------  ---------
                   .org_0       code   0x000000    program   0x00004a
                   .cinit    romdata   0x002000    program   0x000004



                              Program Memory Usage 
                               Start         End      
                           ---------   ---------      
                            0x000000    0x000024      
                            0x002000    0x002001      
            39 out of 8453 program addresses used, program memory utilization is 0%



                              Symbols - Sorted by Name
                     Name    Address   Location    Storage File                     
                ---------  ---------  ---------  --------- ---------                
                    END_1   0x000010    program     static F:\Pic Project\Pic Programs\30-11-2021 EVEN SHIFT ODD SHIFT\Shifting.asm
                  GOWTHAM   0x000010    program     static F:\Pic Project\Pic Programs\30-11-2021 EVEN SHIFT ODD SHIFT\Shifting.asm
                       ON   0x000016    program     static F:\Pic Project\Pic Programs\30-11-2021 EVEN SHIFT ODD SHIFT\Shifting.asm
                      ON1   0x00001a    program     static F:\Pic Project\Pic Programs\30-11-2021 EVEN SHIFT ODD SHIFT\Shifting.asm
                      ON2   0x00001e    program     static F:\Pic Project\Pic Programs\30-11-2021 EVEN SHIFT ODD SHIFT\Shifting.asm
                   SWITCH   0x000022    program     static F:\Pic Project\Pic Programs\30-11-2021 EVEN SHIFT ODD SHIFT\Shifting.asm



                              Symbols - Sorted by Address
                     Name    Address   Location    Storage File                     
                ---------  ---------  ---------  --------- ---------                
                    END_1   0x000010    program     static F:\Pic Project\Pic Programs\30-11-2021 EVEN SHIFT ODD SHIFT\Shifting.asm
                  GOWTHAM   0x000010    program     static F:\Pic Project\Pic Programs\30-11-2021 EVEN SHIFT ODD SHIFT\Shifting.asm
                       ON   0x000016    program     static F:\Pic Project\Pic Programs\30-11-2021 EVEN SHIFT ODD SHIFT\Shifting.asm
                      ON1   0x00001a    program     static F:\Pic Project\Pic Programs\30-11-2021 EVEN SHIFT ODD SHIFT\Shifting.asm
                      ON2   0x00001e    program     static F:\Pic Project\Pic Programs\30-11-2021 EVEN SHIFT ODD SHIFT\Shifting.asm
                   SWITCH   0x000022    program     static F:\Pic Project\Pic Programs\30-11-2021 EVEN SHIFT ODD SHIFT\Shifting.asm


