MPLINK 4.48, Linker
Linker Map File - Created Wed Dec 01 17:01:05 2021

                                 Section Info
                  Section       Type    Address   Location Size(Bytes)
                ---------  ---------  ---------  ---------  ---------
                   .org_0       code   0x000000    program   0x00004a
                   .cinit    romdata   0x000025    program   0x000004



                              Program Memory Usage 
                               Start         End      
                           ---------   ---------      
                            0x000000    0x000026      
            39 out of 8454 program addresses used, program memory utilization is 0%



                              Symbols - Sorted by Name
                     Name    Address   Location    Storage File                     
                ---------  ---------  ---------  --------- ---------                
                    END_1   0x000025    program     static Light Blinking\LED2.ASM  
                  GOWTHAM   0x000012    program     static Light Blinking\LED2.ASM  
                 GOWTHAM1   0x000017    program     static Light Blinking\LED2.ASM  
                 GOWTHAM2   0x00001b    program     static Light Blinking\LED2.ASM  
                 GOWTHAM3   0x000020    program     static Light Blinking\LED2.ASM  
               SUBROUTINE   0x000012    program     static Light Blinking\LED2.ASM  
              SUBROUTINE1   0x00001b    program     static Light Blinking\LED2.ASM  



                              Symbols - Sorted by Address
                     Name    Address   Location    Storage File                     
                ---------  ---------  ---------  --------- ---------                
                  GOWTHAM   0x000012    program     static Light Blinking\LED2.ASM  
               SUBROUTINE   0x000012    program     static Light Blinking\LED2.ASM  
                 GOWTHAM1   0x000017    program     static Light Blinking\LED2.ASM  
                 GOWTHAM2   0x00001b    program     static Light Blinking\LED2.ASM  
              SUBROUTINE1   0x00001b    program     static Light Blinking\LED2.ASM  
                 GOWTHAM3   0x000020    program     static Light Blinking\LED2.ASM  
                    END_1   0x000025    program     static Light Blinking\LED2.ASM  


