MPLINK 4.34, Linker
Linker Map File - Created Sat Feb 19 13:20:49 2022

                                 Section Info
                  Section       Type    Address   Location Size(Bytes)
                ---------  ---------  ---------  ---------  ---------
                   .org_0       code   0x000000    program   0x000038
                   .cinit    romdata   0x002000    program   0x000004



                              Program Memory Usage 
                               Start         End      
                           ---------   ---------      
                            0x000000    0x00001b      
                            0x002000    0x002001      
            30 out of 8453 program addresses used, program memory utilization is 0%



                              Symbols - Sorted by Name
                     Name    Address   Location    Storage File                     
                ---------  ---------  ---------  --------- ---------                
                    END_1   0x000013    program     static F:\Pic Project\Pic Programs\22-01-2022 LED Blinking With Timers0\LED Blinking With Timers0.asm
                  GOWTHAM   0x000013    program     static F:\Pic Project\Pic Programs\22-01-2022 LED Blinking With Timers0\LED Blinking With Timers0.asm
                       ON   0x000017    program     static F:\Pic Project\Pic Programs\22-01-2022 LED Blinking With Timers0\LED Blinking With Timers0.asm



                              Symbols - Sorted by Address
                     Name    Address   Location    Storage File                     
                ---------  ---------  ---------  --------- ---------                
                    END_1   0x000013    program     static F:\Pic Project\Pic Programs\22-01-2022 LED Blinking With Timers0\LED Blinking With Timers0.asm
                  GOWTHAM   0x000013    program     static F:\Pic Project\Pic Programs\22-01-2022 LED Blinking With Timers0\LED Blinking With Timers0.asm
                       ON   0x000017    program     static F:\Pic Project\Pic Programs\22-01-2022 LED Blinking With Timers0\LED Blinking With Timers0.asm


