MPLINK 4.48, Linker
Linker Map File - Created Mon Dec 20 05:33:51 2021

                                 Section Info
                  Section       Type    Address   Location Size(Bytes)
                ---------  ---------  ---------  ---------  ---------
                   .org_0       code   0x000000    program   0x00003e
                   .cinit    romdata   0x00001f    program   0x000004



                              Program Memory Usage 
                               Start         End      
                           ---------   ---------      
                            0x000000    0x000020      
            33 out of 8454 program addresses used, program memory utilization is 0%



                              Symbols - Sorted by Name
                     Name    Address   Location    Storage File                     
                ---------  ---------  ---------  --------- ---------                
                    END_1   0x00000a    program     static F:\Pic Project\Pic Programs\PORT B.ASM
                  GOWTHAM   0x00000a    program     static F:\Pic Project\Pic Programs\PORT B.ASM
                       ON   0x000010    program     static F:\Pic Project\Pic Programs\PORT B.ASM
                      ON1   0x000014    program     static F:\Pic Project\Pic Programs\PORT B.ASM
                      ON2   0x000018    program     static F:\Pic Project\Pic Programs\PORT B.ASM
                   SWITCH   0x00001c    program     static F:\Pic Project\Pic Programs\PORT B.ASM



                              Symbols - Sorted by Address
                     Name    Address   Location    Storage File                     
                ---------  ---------  ---------  --------- ---------                
                    END_1   0x00000a    program     static F:\Pic Project\Pic Programs\PORT B.ASM
                  GOWTHAM   0x00000a    program     static F:\Pic Project\Pic Programs\PORT B.ASM
                       ON   0x000010    program     static F:\Pic Project\Pic Programs\PORT B.ASM
                      ON1   0x000014    program     static F:\Pic Project\Pic Programs\PORT B.ASM
                      ON2   0x000018    program     static F:\Pic Project\Pic Programs\PORT B.ASM
                   SWITCH   0x00001c    program     static F:\Pic Project\Pic Programs\PORT B.ASM


