MPLINK 4.34, Linker
Linker Map File - Created Sat Feb 26 18:51:04 2022

                                 Section Info
                  Section       Type    Address   Location Size(Bytes)
                ---------  ---------  ---------  ---------  ---------
                   .org_0       code   0x000000    program   0x000002
                   .org_1       code   0x000005    program   0x000056
                   .cinit    romdata   0x002000    program   0x000004



                              Program Memory Usage 
                               Start         End      
                           ---------   ---------      
                            0x000000    0x000000      
                            0x000005    0x00002f      
                            0x002000    0x002001      
            46 out of 8453 program addresses used, program memory utilization is 0%



                              Symbols - Sorted by Name
                     Name    Address   Location    Storage File                     
                ---------  ---------  ---------  --------- ---------                
                    END_1   0x000030    program     static F:\Pic Project\Pic Programs\26-02-2022\Led Blinking Vi\TRISC.ASM
                      GOW   0x000016    program     static F:\Pic Project\Pic Programs\26-02-2022\Led Blinking Vi\TRISC.ASM
                   LOOP_1   0x000018    program     static F:\Pic Project\Pic Programs\26-02-2022\Led Blinking Vi\TRISC.ASM
                   SWITCH   0x000020    program     static F:\Pic Project\Pic Programs\26-02-2022\Led Blinking Vi\TRISC.ASM
                  SWITCH1   0x000024    program     static F:\Pic Project\Pic Programs\26-02-2022\Led Blinking Vi\TRISC.ASM
                  SWITCH2   0x00002a    program     static F:\Pic Project\Pic Programs\26-02-2022\Led Blinking Vi\TRISC.ASM



                              Symbols - Sorted by Address
                     Name    Address   Location    Storage File                     
                ---------  ---------  ---------  --------- ---------                
                      GOW   0x000016    program     static F:\Pic Project\Pic Programs\26-02-2022\Led Blinking Vi\TRISC.ASM
                   LOOP_1   0x000018    program     static F:\Pic Project\Pic Programs\26-02-2022\Led Blinking Vi\TRISC.ASM
                   SWITCH   0x000020    program     static F:\Pic Project\Pic Programs\26-02-2022\Led Blinking Vi\TRISC.ASM
                  SWITCH1   0x000024    program     static F:\Pic Project\Pic Programs\26-02-2022\Led Blinking Vi\TRISC.ASM
                  SWITCH2   0x00002a    program     static F:\Pic Project\Pic Programs\26-02-2022\Led Blinking Vi\TRISC.ASM
                    END_1   0x000030    program     static F:\Pic Project\Pic Programs\26-02-2022\Led Blinking Vi\TRISC.ASM


