MPLINK 4.34, Linker
Linker Map File - Created Fri Feb 25 17:29:12 2022

                                 Section Info
                  Section       Type    Address   Location Size(Bytes)
                ---------  ---------  ---------  ---------  ---------
                   .org_0       code   0x000000    program   0x00004c
                   .cinit    romdata   0x002000    program   0x000004
.config_2007_LED BLINKING WITH 1S TIMERS 1.O       code   0x002007    program   0x000002



                              Program Memory Usage 
                               Start         End      
                           ---------   ---------      
                            0x000000    0x000025      
                            0x002000    0x002001      
                            0x002007    0x002007      
            41 out of 8453 program addresses used, program memory utilization is 0%



                              Symbols - Sorted by Name
                     Name    Address   Location    Storage File                     
                ---------  ---------  ---------  --------- ---------                
                    END_1   0x000015    program     static F:\Pic Project\Pic Programs\22-01-2022 LED Blinking With Timers0\LED Blinking With (1s) Timers 1\LED Blinking With 1s Timers 1.asm
                  GOWTHAM   0x000015    program     static F:\Pic Project\Pic Programs\22-01-2022 LED Blinking With Timers0\LED Blinking With (1s) Timers 1\LED Blinking With 1s Timers 1.asm
                       ON   0x00001a    program     static F:\Pic Project\Pic Programs\22-01-2022 LED Blinking With Timers0\LED Blinking With (1s) Timers 1\LED Blinking With 1s Timers 1.asm
                   SWITCH   0x00001e    program     static F:\Pic Project\Pic Programs\22-01-2022 LED Blinking With Timers0\LED Blinking With (1s) Timers 1\LED Blinking With 1s Timers 1.asm



                              Symbols - Sorted by Address
                     Name    Address   Location    Storage File                     
                ---------  ---------  ---------  --------- ---------                
                    END_1   0x000015    program     static F:\Pic Project\Pic Programs\22-01-2022 LED Blinking With Timers0\LED Blinking With (1s) Timers 1\LED Blinking With 1s Timers 1.asm
                  GOWTHAM   0x000015    program     static F:\Pic Project\Pic Programs\22-01-2022 LED Blinking With Timers0\LED Blinking With (1s) Timers 1\LED Blinking With 1s Timers 1.asm
                       ON   0x00001a    program     static F:\Pic Project\Pic Programs\22-01-2022 LED Blinking With Timers0\LED Blinking With (1s) Timers 1\LED Blinking With 1s Timers 1.asm
                   SWITCH   0x00001e    program     static F:\Pic Project\Pic Programs\22-01-2022 LED Blinking With Timers0\LED Blinking With (1s) Timers 1\LED Blinking With 1s Timers 1.asm


