MPLINK 4.35, Linker
Linker Map File - Created Thu Jan 06 08:28:12 2022

                                 Section Info
                  Section       Type    Address   Location Size(Bytes)
                ---------  ---------  ---------  ---------  ---------
                   .org_0       code   0x000000    program   0x000042
                   .cinit    romdata   0x002000    program   0x000004



                              Program Memory Usage 
                               Start         End      
                           ---------   ---------      
                            0x000000    0x000020      
                            0x002000    0x002001      
            35 out of 8453 program addresses used, program memory utilization is 0%



                              Symbols - Sorted by Name
                     Name    Address   Location    Storage File                     
                ---------  ---------  ---------  --------- ---------                
                    END_1   0x00000c    program     static F:\Pic Project\Pic Programs\18-12-2021\ONOFF\ONOFF.ASM
                  GOWTHAM   0x00000c    program     static F:\Pic Project\Pic Programs\18-12-2021\ONOFF\ONOFF.ASM
                 GOWTHAM1   0x00001c    program     static F:\Pic Project\Pic Programs\18-12-2021\ONOFF\ONOFF.ASM
                      OFF   0x000017    program     static F:\Pic Project\Pic Programs\18-12-2021\ONOFF\ONOFF.ASM
                       ON   0x000012    program     static F:\Pic Project\Pic Programs\18-12-2021\ONOFF\ONOFF.ASM



                              Symbols - Sorted by Address
                     Name    Address   Location    Storage File                     
                ---------  ---------  ---------  --------- ---------                
                    END_1   0x00000c    program     static F:\Pic Project\Pic Programs\18-12-2021\ONOFF\ONOFF.ASM
                  GOWTHAM   0x00000c    program     static F:\Pic Project\Pic Programs\18-12-2021\ONOFF\ONOFF.ASM
                       ON   0x000012    program     static F:\Pic Project\Pic Programs\18-12-2021\ONOFF\ONOFF.ASM
                      OFF   0x000017    program     static F:\Pic Project\Pic Programs\18-12-2021\ONOFF\ONOFF.ASM
                 GOWTHAM1   0x00001c    program     static F:\Pic Project\Pic Programs\18-12-2021\ONOFF\ONOFF.ASM


