MPLINK 4.35, Linker
Linker Map File - Created Fri Jan 07 05:36:14 2022

                                 Section Info
                  Section       Type    Address   Location Size(Bytes)
                ---------  ---------  ---------  ---------  ---------
                   .org_0       code   0x000000    program   0x00004a
                   .cinit    romdata   0x002000    program   0x000004



                              Program Memory Usage 
                               Start         End      
                           ---------   ---------      
                            0x000000    0x000024      
                            0x002000    0x002001      
            39 out of 8453 program addresses used, program memory utilization is 0%



                              Symbols - Sorted by Name
                     Name    Address   Location    Storage File                     
                ---------  ---------  ---------  --------- ---------                
                    END_1   0x000025    program     static F:\Pic Project\Pic Programs\07-01-2022\LedShifting\LEDSHIFTING.ASM
                  GOWTHAM   0x00000b    program     static F:\Pic Project\Pic Programs\07-01-2022\LedShifting\LEDSHIFTING.ASM
                       ON   0x000011    program     static F:\Pic Project\Pic Programs\07-01-2022\LedShifting\LEDSHIFTING.ASM
                      ON1   0x000014    program     static F:\Pic Project\Pic Programs\07-01-2022\LedShifting\LEDSHIFTING.ASM
                      ON2   0x000017    program     static F:\Pic Project\Pic Programs\07-01-2022\LedShifting\LEDSHIFTING.ASM
                      ON3   0x00001a    program     static F:\Pic Project\Pic Programs\07-01-2022\LedShifting\LEDSHIFTING.ASM
                   SWITCH   0x00001e    program     static F:\Pic Project\Pic Programs\07-01-2022\LedShifting\LEDSHIFTING.ASM



                              Symbols - Sorted by Address
                     Name    Address   Location    Storage File                     
                ---------  ---------  ---------  --------- ---------                
                  GOWTHAM   0x00000b    program     static F:\Pic Project\Pic Programs\07-01-2022\LedShifting\LEDSHIFTING.ASM
                       ON   0x000011    program     static F:\Pic Project\Pic Programs\07-01-2022\LedShifting\LEDSHIFTING.ASM
                      ON1   0x000014    program     static F:\Pic Project\Pic Programs\07-01-2022\LedShifting\LEDSHIFTING.ASM
                      ON2   0x000017    program     static F:\Pic Project\Pic Programs\07-01-2022\LedShifting\LEDSHIFTING.ASM
                      ON3   0x00001a    program     static F:\Pic Project\Pic Programs\07-01-2022\LedShifting\LEDSHIFTING.ASM
                   SWITCH   0x00001e    program     static F:\Pic Project\Pic Programs\07-01-2022\LedShifting\LEDSHIFTING.ASM
                    END_1   0x000025    program     static F:\Pic Project\Pic Programs\07-01-2022\LedShifting\LEDSHIFTING.ASM


